15:38:38 **** Build of configuration Debug for project lab2-1 ****
make -j3 all 
Building file: ../src/main.s
Invoking: MCU GCC Assembler
/Users/hsiaochuhao/Documents/workspace/lab2-1/Debug
arm-none-eabi-as -mcpu=cortex-m4 -mthumb -mfloat-abi=hard -mfpu=fpv4-sp-d16 -g -o "src/main.o" "../src/main.s"
Finished building: ../src/main.s
 
Building target: lab2-1.elf
Invoking: MCU GCC Linker
arm-none-eabi-gcc -mcpu=cortex-m4 -mthumb -mfloat-abi=hard -mfpu=fpv4-sp-d16 -T"/Users/hsiaochuhao/Documents/workspace/lab2-1/LinkerScript.ld" -Wl,-Map=output.map -Wl,--gc-sections -o "lab2-1.elf" @"objects.list"   -lm
Finished building target: lab2-1.elf
 
/Library/Developer/CommandLineTools/usr/bin/make --no-print-directory post-build
Generating binary and Printing size information:
arm-none-eabi-objcopy -O binary "lab2-1.elf" "lab2-1.bin"
arm-none-eabi-size "lab2-1.elf"
   text	   data	    bss	    dec	    hex	filename
   1056	   1096	   1088	   3240	    ca8	lab2-1.elf
 

15:38:38 Build Finished (took 412ms)

