15:38:39 **** Build of configuration Debug for project lab2-2 ****
make -j3 all 
Building file: ../src/main.s
Invoking: MCU GCC Assembler
/Users/hsiaochuhao/Documents/workspace/lab2-2/Debug
arm-none-eabi-as -mcpu=cortex-m4 -mthumb -mfloat-abi=hard -mfpu=fpv4-sp-d16 -g -o "src/main.o" "../src/main.s"
Finished building: ../src/main.s
 
Building target: lab2-2.elf
Invoking: MCU GCC Linker
arm-none-eabi-gcc -mcpu=cortex-m4 -mthumb -mfloat-abi=hard -mfpu=fpv4-sp-d16 -T"/Users/hsiaochuhao/Documents/workspace/lab2-2/LinkerScript.ld" -Wl,-Map=output.map -Wl,--gc-sections -o "lab2-2.elf" @"objects.list"   -lm
Finished building target: lab2-2.elf
 
/Library/Developer/CommandLineTools/usr/bin/make --no-print-directory post-build
Generating binary and Printing size information:
arm-none-eabi-objcopy -O binary "lab2-2.elf" "lab2-2.bin"
arm-none-eabi-size "lab2-2.elf"
   text	   data	    bss	    dec	    hex	filename
   1048	   1240	   1088	   3376	    d30	lab2-2.elf
 

15:38:39 Build Finished (took 342ms)

