15:38:40 **** Build of configuration Debug for project lab3-2 ****
make -j3 all 
Building file: ../src/main.s
Invoking: MCU GCC Assembler
/Users/hsiaochuhao/Documents/workspace/lab3-2/Debug
arm-none-eabi-as -mcpu=cortex-m4 -mthumb -mfloat-abi=hard -mfpu=fpv4-sp-d16 -g -o "src/main.o" "../src/main.s"
Finished building: ../src/main.s
 
Building target: lab3-2.elf
Invoking: MCU GCC Linker
arm-none-eabi-gcc -mcpu=cortex-m4 -mthumb -mfloat-abi=hard -mfpu=fpv4-sp-d16 -T"/Users/hsiaochuhao/Documents/workspace/lab3-2/LinkerScript.ld" -Wl,-Map=output.map -Wl,--gc-sections -o "lab3-2.elf" @"objects.list"   -lm
Finished building target: lab3-2.elf
 
/Library/Developer/CommandLineTools/usr/bin/make --no-print-directory post-build
Generating binary and Printing size information:
arm-none-eabi-objcopy -O binary "lab3-2.elf" "lab3-2.bin"
arm-none-eabi-size "lab3-2.elf"
   text	   data	    bss	    dec	    hex	filename
   1232	   1096	   1088	   3416	    d58	lab3-2.elf
 

15:38:40 Build Finished (took 346ms)

