15:38:45 **** Incremental Build of configuration Debug for project lab8-2 ****
make -j3 all 
Building file: ../src/main.c
Invoking: MCU GCC Compiler
/Users/hsiaochuhao/Documents/workspace/lab8-2/Debug
arm-none-eabi-gcc -mcpu=cortex-m4 -mthumb -mfloat-abi=hard -mfpu=fpv4-sp-d16 -DSTM32 -DSTM32L4 -DSTM32L476RGTx -DNUCLEO_L476RG -DDEBUG -I"/Users/hsiaochuhao/Documents/workspace/lab8-2/inc" -O0 -g3 -Wall -fmessage-length=0 -ffunction-sections -c -MMD -MP -MF"src/main.d" -MT"src/main.o" -o "src/main.o" "../src/main.c"
../src/main.c: In function 'UART_Transmit':
../src/main.c:55:14: warning: pointer targets in initialization differ in signedness [-Wpointer-sign]
  char *str = arr;
              ^~~
Finished building: ../src/main.c
 
Building target: lab8-2.elf
Invoking: MCU GCC Linker
arm-none-eabi-gcc -mcpu=cortex-m4 -mthumb -mfloat-abi=hard -mfpu=fpv4-sp-d16 -T"/Users/hsiaochuhao/Documents/workspace/lab8-2/LinkerScript.ld" -Wl,-Map=output.map -Wl,--gc-sections -o "lab8-2.elf" @"objects.list"   -lm
Finished building target: lab8-2.elf
 
/Library/Developer/CommandLineTools/usr/bin/make --no-print-directory post-build
Generating binary and Printing size information:
arm-none-eabi-objcopy -O binary "lab8-2.elf" "lab8-2.bin"
arm-none-eabi-size "lab8-2.elf"
   text	   data	    bss	    dec	    hex	filename
   2600	   1160	   1088	   4848	   12f0	lab8-2.elf
 

15:38:46 Build Finished (took 539ms)

